// Jest Snapshot v1, https://goo.gl/fbAQLP

exports[`<IntegerInput /> renders 1`] = `
<div
  class="field"
>
  <label
    class="field__label"
    for="field_1"
  >
    Jawn
  </label>
  <input
    class="field__input"
    id="field_1"
    type="number"
    value="5"
  />
</div>
`;
